// Jest Snapshot v1, https://goo.gl/fbAQLP

exports[`Login should match the snapshot 1`] = `
<div
  className="login-container"
>
  <section
    className="login"
  >
    <h1>
      snackMACK
    </h1>
    <h3>
      “The food truck locator app to bring your dates to the next level!”
    </h3>
    <form>
      <select
        onChange={[Function]}
      >
        <option
          value="calgary"
        >
          Calgary
        </option>
        <option
          value="edmonton"
        >
          Edmonton
        </option>
        <option
          value="halifax"
        >
          Halifax
        </option>
        <option
          value="hamilton"
        >
          Hamilton
        </option>
        <option
          value="ottawa"
        >
          Ottawa
        </option>
        <option
          value="toronto"
        >
          Toronto
        </option>
        <option
          value="vancouver"
        >
          Vancouver
        </option>
        <option
          value="victoria"
        >
          Victoria
        </option>
      </select>
      <button
        onClick={[Function]}
        type="button"
      >
        SUBMIT
      </button>
    </form>
  </section>
</div>
`;
