// Jest Snapshot v1, https://goo.gl/fbAQLP

exports[`PotentialLocations should match the snapshot 1`] = `
<div
  className="right-side-box"
>
  <section
    className="potential-locations-container"
  >
    <article>
      <h2>
        Potential Date Locations
      </h2>
      <div>
        <Connect(Truck)
          desc="Our food trailer is designed for efficiently producing quality comfort food! We serve baked potatoes loaded with a variety of toppings! BBQ Pulled Pork Tex Mex Mushroom Swiss Classic English Sheppard's Pie"
          name="Baked And Loaded"
        />
        <Connect(Truck)
          desc="Our food trailer is designed for efficiently producing quality comfort food! We serve baked potatoes loaded with a variety of toppings! BBQ Pulled Pork Tex Mex Mushroom Swiss Classic English Sheppard's Pie"
          name="Test Food Truck 2"
        />
      </div>
    </article>
  </section>
</div>
`;
