// Jest Snapshot v1, https://goo.gl/fbAQLP

exports[`PotentialLocations should match the snapshot 1`] = `
<div
  className="right-side-box"
>
  <section
    className="potential-locations-container"
  >
    <article>
      <h2>
        Potential Date Locations
      </h2>
      <div />
    </article>
  </section>
</div>
`;
